[0.005s] Invoking command in '/home/pora/robot_autonomy/autonomy_ws/build/autonomy_repo': CMAKE_PREFIX_PATH=${CMAKE_PREFIX_PATH}:/opt/ros/humble /usr/bin/cmake --build /home/pora/robot_autonomy/autonomy_ws/build/autonomy_repo -- -j4 -l4
[0.013s] -- Found ament_cmake: 1.3.12 (/opt/ros/humble/share/ament_cmake/cmake)
[0.062s] -- Override CMake install command with custom implementation using symlinks instead of copying resources
[0.065s] -- Found ament_lint_auto: 0.12.14 (/opt/ros/humble/share/ament_lint_auto/cmake)
[0.099s] -- Added test 'flake8' to check Python code syntax and style conventions
[0.099s] -- Added test 'lint_cmake' to check CMake code style
[0.099s] -- Added test 'pep257' to check Python code against some of the docstring style conventions in PEP 257
[0.099s] -- Added test 'xmllint' to check XML markup files
[0.100s] -- Configuring done
[0.101s] -- Generating done
[0.102s] -- Build files have been written to: /home/pora/robot_autonomy/autonomy_ws/build/autonomy_repo
[0.109s] Invoked command in '/home/pora/robot_autonomy/autonomy_ws/build/autonomy_repo' returned '0': CMAKE_PREFIX_PATH=${CMAKE_PREFIX_PATH}:/opt/ros/humble /usr/bin/cmake --build /home/pora/robot_autonomy/autonomy_ws/build/autonomy_repo -- -j4 -l4
[0.112s] Invoking command in '/home/pora/robot_autonomy/autonomy_ws/build/autonomy_repo': CMAKE_PREFIX_PATH=${CMAKE_PREFIX_PATH}:/opt/ros/humble /usr/bin/cmake --install /home/pora/robot_autonomy/autonomy_ws/build/autonomy_repo
[0.114s] -- Install configuration: "RelWithDebInfo"
[0.115s] -- Execute custom install script
[0.115s] -- Up-to-date symlink: /home/pora/robot_autonomy/autonomy_ws/install/autonomy_repo/lib/autonomy_repo/heading_controller.py
[0.115s] -- Up-to-date symlink: /home/pora/robot_autonomy/autonomy_ws/install/autonomy_repo/lib/autonomy_repo/p3_plot.py
[0.115s] -- Up-to-date symlink: /home/pora/robot_autonomy/autonomy_ws/install/autonomy_repo/lib/autonomy_repo/navigator.py
[0.115s] -- Symlinking: /home/pora/robot_autonomy/autonomy_ws/install/autonomy_repo/lib/autonomy_repo/frontier_exploration.py
[0.118s] -- Symlinking: /home/pora/robot_autonomy/autonomy_ws/install/autonomy_repo/share/autonomy_repo/launch/exploration.launch.py
[0.120s] -- Up-to-date symlink: /home/pora/robot_autonomy/autonomy_ws/install/autonomy_repo/share/autonomy_repo/launch/heading_control.launch.py
[0.120s] -- Up-to-date symlink: /home/pora/robot_autonomy/autonomy_ws/install/autonomy_repo/share/autonomy_repo/launch/navigator.launch.py
[0.120s] -- Up-to-date symlink: /home/pora/robot_autonomy/autonomy_ws/install/autonomy_repo/share/autonomy_repo/rviz/default.rviz
[0.120s] -- Up-to-date symlink: /home/pora/robot_autonomy/autonomy_ws/install/autonomy_repo/share/ament_index/resource_index/package_run_dependencies/autonomy_repo
[0.120s] -- Up-to-date symlink: /home/pora/robot_autonomy/autonomy_ws/install/autonomy_repo/share/ament_index/resource_index/parent_prefix_path/autonomy_repo
[0.121s] -- Up-to-date symlink: /home/pora/robot_autonomy/autonomy_ws/install/autonomy_repo/share/autonomy_repo/environment/ament_prefix_path.sh
[0.121s] -- Up-to-date symlink: /home/pora/robot_autonomy/autonomy_ws/install/autonomy_repo/share/autonomy_repo/environment/ament_prefix_path.dsv
[0.121s] -- Up-to-date symlink: /home/pora/robot_autonomy/autonomy_ws/install/autonomy_repo/share/autonomy_repo/environment/path.sh
[0.121s] -- Up-to-date symlink: /home/pora/robot_autonomy/autonomy_ws/install/autonomy_repo/share/autonomy_repo/environment/path.dsv
[0.121s] -- Up-to-date symlink: /home/pora/robot_autonomy/autonomy_ws/install/autonomy_repo/share/autonomy_repo/local_setup.bash
[0.121s] -- Up-to-date symlink: /home/pora/robot_autonomy/autonomy_ws/install/autonomy_repo/share/autonomy_repo/local_setup.sh
[0.121s] -- Up-to-date symlink: /home/pora/robot_autonomy/autonomy_ws/install/autonomy_repo/share/autonomy_repo/local_setup.zsh
[0.121s] -- Up-to-date symlink: /home/pora/robot_autonomy/autonomy_ws/install/autonomy_repo/share/autonomy_repo/local_setup.dsv
[0.122s] -- Symlinking: /home/pora/robot_autonomy/autonomy_ws/install/autonomy_repo/share/autonomy_repo/package.dsv
[0.123s] -- Up-to-date symlink: /home/pora/robot_autonomy/autonomy_ws/install/autonomy_repo/share/ament_index/resource_index/packages/autonomy_repo
[0.125s] -- Up-to-date symlink: /home/pora/robot_autonomy/autonomy_ws/install/autonomy_repo/share/autonomy_repo/cmake/autonomy_repoConfig.cmake
[0.125s] -- Up-to-date symlink: /home/pora/robot_autonomy/autonomy_ws/install/autonomy_repo/share/autonomy_repo/cmake/autonomy_repoConfig-version.cmake
[0.125s] -- Up-to-date symlink: /home/pora/robot_autonomy/autonomy_ws/install/autonomy_repo/share/autonomy_repo/package.xml
[0.127s] Invoked command in '/home/pora/robot_autonomy/autonomy_ws/build/autonomy_repo' returned '0': CMAKE_PREFIX_PATH=${CMAKE_PREFIX_PATH}:/opt/ros/humble /usr/bin/cmake --install /home/pora/robot_autonomy/autonomy_ws/build/autonomy_repo
