[0.004s] Invoking command in '/home/pora/autonomy_ws/build/autonomy_repo': CMAKE_PREFIX_PATH=${CMAKE_PREFIX_PATH}:/opt/ros/humble /usr/bin/cmake /home/pora/autonomy_ws/src/autonomy_repo -DCMAKE_EXPORT_COMPILE_COMMANDS=ON -DCMAKE_BUILD_TYPE=RelWithDebInfo -DAMENT_CMAKE_SYMLINK_INSTALL=1 -DCMAKE_INSTALL_PREFIX=/home/pora/autonomy_ws/install/autonomy_repo
[0.032s] -- The C compiler identification is GNU 11.4.0
[0.057s] -- The CXX compiler identification is GNU 11.4.0
[0.060s] -- Detecting C compiler ABI info
[0.087s] -- Detecting C compiler ABI info - done
[0.087s] -- Check for working C compiler: /usr/bin/cc - skipped
[0.088s] -- Detecting C compile features
[0.088s] -- Detecting C compile features - done
[0.089s] -- Detecting CXX compiler ABI info
[0.119s] -- Detecting CXX compiler ABI info - done
[0.122s] -- Check for working CXX compiler: /usr/bin/c++ - skipped
[0.122s] -- Detecting CXX compile features
[0.122s] -- Detecting CXX compile features - done
[0.127s] -- Found ament_cmake: 1.3.12 (/opt/ros/humble/share/ament_cmake/cmake)
[0.189s] -- Found Python3: /usr/bin/python3 (found version "3.10.12") found components: Interpreter 
[0.213s] -- Override CMake install command with custom implementation using symlinks instead of copying resources
[0.232s] -- Found ament_lint_auto: 0.12.14 (/opt/ros/humble/share/ament_lint_auto/cmake)
[0.267s] -- Added test 'flake8' to check Python code syntax and style conventions
[0.267s] -- Added test 'lint_cmake' to check CMake code style
[0.267s] -- Added test 'pep257' to check Python code against some of the docstring style conventions in PEP 257
[0.268s] -- Added test 'xmllint' to check XML markup files
[0.269s] -- Configuring done
[0.270s] -- Generating done
[0.270s] [33mCMake Warning:
[0.270s]   Manually-specified variables were not used by the project:
[0.270s] 
[0.270s]     CMAKE_EXPORT_COMPILE_COMMANDS
[0.270s] 
[0.270s] [0m
[0.270s] -- Build files have been written to: /home/pora/autonomy_ws/build/autonomy_repo
[0.272s] Invoked command in '/home/pora/autonomy_ws/build/autonomy_repo' returned '0': CMAKE_PREFIX_PATH=${CMAKE_PREFIX_PATH}:/opt/ros/humble /usr/bin/cmake /home/pora/autonomy_ws/src/autonomy_repo -DCMAKE_EXPORT_COMPILE_COMMANDS=ON -DCMAKE_BUILD_TYPE=RelWithDebInfo -DAMENT_CMAKE_SYMLINK_INSTALL=1 -DCMAKE_INSTALL_PREFIX=/home/pora/autonomy_ws/install/autonomy_repo
[0.273s] Invoking command in '/home/pora/autonomy_ws/build/autonomy_repo': CMAKE_PREFIX_PATH=${CMAKE_PREFIX_PATH}:/opt/ros/humble /usr/bin/cmake --build /home/pora/autonomy_ws/build/autonomy_repo -- -j4 -l4
[0.286s] Invoked command in '/home/pora/autonomy_ws/build/autonomy_repo' returned '0': CMAKE_PREFIX_PATH=${CMAKE_PREFIX_PATH}:/opt/ros/humble /usr/bin/cmake --build /home/pora/autonomy_ws/build/autonomy_repo -- -j4 -l4
[0.289s] Invoking command in '/home/pora/autonomy_ws/build/autonomy_repo': CMAKE_PREFIX_PATH=${CMAKE_PREFIX_PATH}:/opt/ros/humble /usr/bin/cmake --install /home/pora/autonomy_ws/build/autonomy_repo
[0.291s] -- Install configuration: "RelWithDebInfo"
[0.291s] -- Execute custom install script
[0.291s] -- Symlinking: /home/pora/autonomy_ws/install/autonomy_repo/lib/autonomy_repo/heading_controller.py
[0.294s] -- Symlinking: /home/pora/autonomy_ws/install/autonomy_repo/lib/autonomy_repo/p3_plot.py
[0.297s] -- Symlinking: /home/pora/autonomy_ws/install/autonomy_repo/share/autonomy_repo/launch/heading_control.launch.py
[0.299s] -- Symlinking: /home/pora/autonomy_ws/install/autonomy_repo/share/autonomy_repo/rviz/default.rviz
[0.302s] -- Symlinking: /home/pora/autonomy_ws/install/autonomy_repo/share/ament_index/resource_index/package_run_dependencies/autonomy_repo
[0.305s] -- Symlinking: /home/pora/autonomy_ws/install/autonomy_repo/share/ament_index/resource_index/parent_prefix_path/autonomy_repo
[0.307s] -- Symlinking: /home/pora/autonomy_ws/install/autonomy_repo/share/autonomy_repo/environment/ament_prefix_path.sh
[0.310s] -- Symlinking: /home/pora/autonomy_ws/install/autonomy_repo/share/autonomy_repo/environment/ament_prefix_path.dsv
[0.312s] -- Symlinking: /home/pora/autonomy_ws/install/autonomy_repo/share/autonomy_repo/environment/path.sh
[0.315s] -- Symlinking: /home/pora/autonomy_ws/install/autonomy_repo/share/autonomy_repo/environment/path.dsv
[0.317s] -- Symlinking: /home/pora/autonomy_ws/install/autonomy_repo/share/autonomy_repo/local_setup.bash
[0.320s] -- Symlinking: /home/pora/autonomy_ws/install/autonomy_repo/share/autonomy_repo/local_setup.sh
[0.322s] -- Symlinking: /home/pora/autonomy_ws/install/autonomy_repo/share/autonomy_repo/local_setup.zsh
[0.325s] -- Symlinking: /home/pora/autonomy_ws/install/autonomy_repo/share/autonomy_repo/local_setup.dsv
[0.330s] -- Symlinking: /home/pora/autonomy_ws/install/autonomy_repo/share/autonomy_repo/package.dsv
[0.334s] -- Symlinking: /home/pora/autonomy_ws/install/autonomy_repo/share/ament_index/resource_index/packages/autonomy_repo
[0.336s] -- Symlinking: /home/pora/autonomy_ws/install/autonomy_repo/share/autonomy_repo/cmake/autonomy_repoConfig.cmake
[0.339s] -- Symlinking: /home/pora/autonomy_ws/install/autonomy_repo/share/autonomy_repo/cmake/autonomy_repoConfig-version.cmake
[0.342s] -- Symlinking: /home/pora/autonomy_ws/install/autonomy_repo/share/autonomy_repo/package.xml
[0.345s] Invoked command in '/home/pora/autonomy_ws/build/autonomy_repo' returned '0': CMAKE_PREFIX_PATH=${CMAKE_PREFIX_PATH}:/opt/ros/humble /usr/bin/cmake --install /home/pora/autonomy_ws/build/autonomy_repo
